// Jest Snapshot v1, https://goo.gl/fbAQLP

exports[`PremiumPromo component should render 1`] = `
<div
  className="mini_container results-overview-mini-container col-md-4 col-sm-5 text-center"
>
  <div
    className="mini_content premium-promo"
  >
    <div
      className="gray-underline"
      style={
        Object {
          "position": "relative",
        }
      }
    >
      <h3>
        Get Quill Premium Now
      </h3>
    </div>
    <p>
      Upgrade now and cover all of the students in your classes or school.
    </p>
    <a
      className="q-button text-white"
      href="https://support.quill.org/quill-premium"
      target="_blank"
    >
      Learn More About Premium
    </a>
  </div>
</div>
`;
