// Jest Snapshot v1, https://goo.gl/fbAQLP

exports[`ccssGradeLevelFilters component should render 1`] = `
<ccssGradeLevelFilters
  ccssGradeLevelFilters={Array []}
  handleCCSSGradeLevelFilterChange={[Function]}
/>
`;
