// Jest Snapshot v1, https://goo.gl/fbAQLP

exports[`AppLegend component should render 1`] = `
<div
  className="icons-wrapper icon-legend app-legend"
>
  <div
    className="icons"
  >
    <a
      className="icon focus-on-light"
      href="undefined/tools/diagnostic"
      rel="noopener noreferrer"
      target="_blank"
    >
      <div
        className="icon-wrapper icon-diagnostic-embossed"
      />
      <div
        className="icons-description-wrapper"
      >
        <p
          className="title"
        >
          Quill Diagnostic
        </p>
        <p
          className="description"
        >
          Identify Learning Gaps
        </p>
      </div>
    </a>
    <a
      className="icon focus-on-light"
      href="undefined/tools/lessons"
      rel="noopener noreferrer"
      target="_blank"
    >
      <div
        className="icon-wrapper icon-lessons-embossed"
      />
      <div
        className="icons-description-wrapper"
      >
        <p
          className="title"
        >
          Quill Lessons
        </p>
        <p
          className="description"
        >
          Shared Group Lessons
        </p>
      </div>
    </a>
    <a
      className="icon focus-on-light"
      href="undefined/tools/connect"
      rel="noopener noreferrer"
      target="_blank"
    >
      <div
        className="icon-wrapper icon-connect-embossed"
      />
      <div
        className="icons-description-wrapper"
      >
        <p
          className="title"
        >
          Quill Connect
        </p>
        <p
          className="description"
        >
          Combine Sentences
        </p>
      </div>
    </a>
    <a
      className="icon focus-on-light"
      href="undefined/tools/proofreader"
      rel="noopener noreferrer"
      target="_blank"
    >
      <div
        className="icon-wrapper icon-flag-embossed"
      />
      <div
        className="icons-description-wrapper"
      >
        <p
          className="title"
        >
          Quill Proofreader
        </p>
        <p
          className="description"
        >
          Fix Errors In Passages
        </p>
      </div>
    </a>
    <a
      className="icon focus-on-light"
      href="undefined/tools/grammar"
      rel="noopener noreferrer"
      target="_blank"
    >
      <div
        className="icon-wrapper icon-puzzle-embossed"
      />
      <div
        className="icons-description-wrapper"
      >
        <p
          className="title"
        >
          Quill Grammar
        </p>
        <p
          className="description"
        >
          Practice Mechanics
        </p>
      </div>
    </a>
  </div>
</div>
`;
