// Jest Snapshot v1, https://goo.gl/fbAQLP

exports[`<PlayGrammarContainer /> should render 1`] = `ReactWrapper {}`;
