// Jest Snapshot v1, https://goo.gl/fbAQLP

exports[`<Cues /> with an empty array of cues should render 1`] = `ShallowWrapper {}`;

exports[`<Cues /> with cues should render 1`] = `ShallowWrapper {}`;

exports[`<Cues /> with cues with a cuesLabel that is an empty string should render 1`] = `ShallowWrapper {}`;

exports[`<Cues /> with cues with a cuesLabel that is just a space should render 1`] = `ShallowWrapper {}`;

exports[`<Cues /> with cues with a custom cuesLabel should render 1`] = `ShallowWrapper {}`;

exports[`<Cues /> with cues with no cuesLabel should render 1`] = `ShallowWrapper {}`;

exports[`<Cues /> with no cues should render 1`] = `ShallowWrapper {}`;
