// Jest Snapshot v1, https://goo.gl/fbAQLP

exports[`RuleRegexAttributes component should render RuleRegexAttributes 1`] = `
<Fragment>
  <p
    className="form-subsection-label"
  >
    Feedback
  </p>
  <TextEditor
    ContentState={[Function]}
    EditorState={[Function]}
    handleTextChange={[Function]}
    key="regex-feedback"
    text="test regex feedback"
  />
  <button
    className="add-highlight quill-button small primary outlined"
    id="0"
    onClick={[Function]}
    type="button"
  >
    Add Highlight
  </button>
  <p
    className="form-subsection-label"
    id="regex-rules-label"
  >
    Regex Rules
  </p>
  <RegexRules
    errors={Object {}}
    handleAddRegexInput={[Function]}
    handleDeleteRegexRule={[Function]}
    handleSetRegexRule={[Function]}
    handleSetRegexRuleSequence={[Function]}
    regexRules={
      Array [
        Object {
          "id": 1,
          "text": "test1",
        },
        Object {
          "id": 1,
          "text": "test2",
        },
      ]
    }
  />
</Fragment>
`;
