// Jest Snapshot v1, https://goo.gl/fbAQLP

exports[`RulesAnalysis component should render RulesAnalysis 1`] = `
<div
  className="rules-analysis-container show-colored-rows"
>
  <h1>
    Rules Analysis
  </h1>
  <div
    className="dropdowns"
  >
    <DropdownInput
      handleChange={[Function]}
      label="Select Prompt"
      options={Array []}
      usesCustomOption={true}
      value={null}
    />
    <DropdownInput
      handleChange={[Function]}
      label="Select Rule Type"
      options={
        Array [
          Object {
            "label": "All Rules",
            "value": "All Rules",
          },
          Object {
            "label": "AutoML",
            "value": "AutoML",
          },
          Object {
            "label": "Grammar",
            "value": "Grammar",
          },
          Object {
            "label": "Opinion",
            "value": "Opinion",
          },
          Object {
            "label": "Plagiarism",
            "value": "Plagiarism",
          },
          Object {
            "label": "Regex",
            "value": "Regex",
          },
          Object {
            "label": "Spelling",
            "value": "Spelling",
          },
        ]
      }
      value={
        Object {
          "label": "All Rules",
          "value": "All Rules",
        }
      }
    />
  </div>
</div>
`;
