// Jest Snapshot v1, https://goo.gl/fbAQLP

exports[`RuleAttributesSection component should render RuleAttributesSection 1`] = `
<Fragment>
  <p
    className="form-subsection-label"
  >
    Feedback
  </p>
  <TextEditor
    ContentState={[Function]}
    EditorState={[Function]}
    handleTextChange={[MockFunction]}
    key="regex-feedback"
    text=""
  />
  <p
    className="form-subsection-label"
    id="regex-rules-label"
  >
    Regex Rules
  </p>
  <RegexSection
    errors={Object {}}
    handleAddRegexInput={[MockFunction]}
    handleDeleteRegexRule={[MockFunction]}
    handleSetRegexRule={[MockFunction]}
    regexRules={
      Array [
        Object {
          "id": 1,
          "regex_text": "test",
        },
      ]
    }
  />
</Fragment>
`;
