// Jest Snapshot v1, https://goo.gl/fbAQLP

exports[`RuleSetForm component should render RuleSetForm 1`] = `
<div
  className="ruleset-form-container"
>
  <div
    className="close-button-container"
  >
    <button
      className="quill-button fun primary contained"
      id="activity-close-button"
      onClick={[MockFunction]}
      type="submit"
    >
      x
    </button>
  </div>
  <form
    className="ruleset-form"
  >
    <Input
      autoComplete="on"
      className="name-input"
      handleChange={[Function]}
      label="Name"
      value="remove all instances of \\"it contains methane\\""
    />
    <p
      className="form-subsection-label"
    >
      Feedback
    </p>
    <TextEditor
      ContentState={[Function]}
      EditorState={[Function]}
      handleTextChange={[Function]}
      key="feedback-description"
      text="Revise your work. Delete the phrase \\"it contains methane\\" because it repeats the first part of the sentence"
    />
    <p
      className="form-subsection-label"
    >
      Apply To Stems
    </p>
    <div
      className="checkboxes-container"
    >
      <div
        className="checkbox-container"
      >
        <label
          id="stem-label-1"
        >
          Because
        </label>
        <input
          aria-labelledby="stem-label-1"
          name="Because"
          onChange={[Function]}
          type="checkbox"
          value="because"
        />
      </div>
      <div
        className="checkbox-container"
      >
        <label
          id="stem-label-2"
        >
          But
        </label>
        <input
          aria-labelledby="stem-label-2"
          name="But"
          onChange={[Function]}
          type="checkbox"
          value="but"
        />
      </div>
      <div
        className="checkbox-container"
      >
        <label
          id="stem-label-3"
        >
          So
        </label>
        <input
          aria-labelledby="stem-label-3"
          name="So"
          onChange={[Function]}
          type="checkbox"
          value="so"
        />
      </div>
    </div>
    <p
      className="form-subsection-label"
      id="regex-rules-label"
    >
      Regex Rules
    </p>
    <RegexSection
      errors={Object {}}
      handleAddRegexInput={[Function]}
      handleDeleteRegexRule={[Function]}
      handleSetRegexRule={[Function]}
      regexRules={Object {}}
    />
    <div
      className="submit-button-container"
    >
      <button
        className="quill-button fun primary contained"
        id="activity-submit-button"
        onClick={[Function]}
        type="button"
      >
        Submit
      </button>
      <button
        className="quill-button fun primary contained"
        id="activity-cancel-button"
        onClick={[MockFunction]}
        type="submit"
      >
        Cancel
      </button>
    </div>
  </form>
</div>
`;
