// Jest Snapshot v1, https://goo.gl/fbAQLP

exports[`NameTheUnit component should render 1`] = `
<div
  className="assignment-section"
>
  <div
    className="assignment-section-header"
  >
    <span
      className="assignment-section-number"
    >
      1
    </span>
    <span
      className="assignment-section-name"
    >
      Name the assignment
    </span>
  </div>
  <div
    className="assignment-section-body"
  >
    <Input
      autoComplete="on"
      error={null}
      handleChange={[Function]}
      label="Activity pack name"
      type="text"
      value=""
    />
  </div>
</div>
`;
