// Jest Snapshot v1, https://goo.gl/fbAQLP

exports[`SetupInstructions component should render SetupInstructions 1`] = `
<div
  className="create-a-class-modal-content"
>
  <div
    className="create-a-class-modal-body modal-body setup-instructions"
  >
    <h3
      className="title"
    >
      Download student logins and setup instructions
    </h3>
    <p>
      This PDF includes usernames and passwords for each student and instructions for accessing their Quill accounts.
    </p>
    <img
      src="undefined/images/illustrations/setup-instructions-generic.svg"
    />
    <a
      className="quill-button secondary outlined medium"
      download={true}
      href="undefined/documents/setup_instructions_pdfs/class_code_links.pdf"
      target="_blank"
    >
      Download PDF
    </a>
  </div>
  <div
    className="create-a-class-modal-footer with-back-button"
  >
    <button
      className="quill-button secondary outlined medium"
    >
      Back
    </button>
    <button
      className="quill-button primary contained medium"
      onClick={[Function]}
    >
      Done
    </button>
  </div>
</div>
`;
