// Jest Snapshot v1, https://goo.gl/fbAQLP

exports[`CleverSignUp component should render 1`] = `
<button
  className="clever-sign-up"
  onClick={[Function]}
>
  <img
    src="/images/clever_icon.svg"
  />
  <span>
    Sign up with Clever
  </span>
</button>
`;
